// Jest Snapshot v1, https://goo.gl/fbAQLP

exports[`HTMLMarker with portal expect to render correctly 1`] = `
<HTMLMarker
  anchor={
    Object {
      "x": 0,
      "y": 0,
    }
  }
  className=""
  hit={
    Object {
      "_geoloc": Object {
        "lat": 10,
        "lng": 12,
      },
    }
  }
>
  <span>
    This is the children.
  </span>
</HTMLMarker>
`;

exports[`HTMLMarker with unstable_renderSubtreeIntoContainer expect to render correctly 1`] = `
<HTMLMarker
  anchor={
    Object {
      "x": 0,
      "y": 0,
    }
  }
  className=""
  hit={
    Object {
      "_geoloc": Object {
        "lat": 10,
        "lng": 12,
      },
    }
  }
/>
`;
